
> vision-board-web-platform@0.0.1 build
> vite build

[36mvite v6.4.3 [32mbuilding for production...[36m[39m
transforming...
[32mΓ£ô[39m 3629 modules transformed.
rendering chunks...
computing gzip size...
[2mdist/[22m[32mindex.html                                                     [39m[1m[2m  3.61 kB[22m[1m[22m[2m Γöé gzip:  1.23 kB[22m
[2mdist/[22m[32massets/source-serif-4-vietnamese-wght-normal-D-yuW59g.woff2    [39m[1m[2m 13.45 kB[22m[1m[22m
[2mdist/[22m[32massets/source-serif-4-cyrillic-ext-wght-normal-cHuGMAiY.woff2  [39m[1m[2m 18.06 kB[22m[1m[22m
[2mdist/[22m[32massets/source-serif-4-greek-wght-normal-ece1310W.woff2         [39m[1m[2m 20.23 kB[22m[1m[22m
[2mdist/[22m[32massets/source-serif-4-cyrillic-wght-normal-DwHjdM4S.woff2      [39m[1m[2m 36.47 kB[22m[1m[22m
[2mdist/[22m[32massets/source-serif-4-latin-ext-wght-normal-CxNHBx-q.woff2     [39m[1m[2m 42.04 kB[22m[1m[22m
[2mdist/[22m[32massets/source-serif-4-latin-wght-normal-D9elroTD.woff2         [39m[1m[2m 50.82 kB[22m[1m[22m
[2mdist/[22m[35massets/mindful-player-DGqUPYfP.css                             [39m[1m[2m  1.21 kB[22m[1m[22m[2m Γöé gzip:  0.39 kB[22m
[2mdist/[22m[35massets/AIAssistant-By0zk8T0.css                                [39m[1m[2m  1.42 kB[22m[1m[22m[2m Γöé gzip:  0.52 kB[22m
[2mdist/[22m[35massets/WeeklyReview-CCDmUtLe.css                               [39m[1m[2m  2.01 kB[22m[1m[22m[2m Γöé gzip:  0.71 kB[22m
[2mdist/[22m[35massets/DashboardEntry-DUnxnJdT.css                             [39m[1m[2m  5.97 kB[22m[1m[22m[2m Γöé gzip:  1.69 kB[22m
[2mdist/[22m[35massets/index-c-f4S7zT.css                                      [39m[1m[2m553.26 kB[22m[1m[22m[2m Γöé gzip: 72.14 kB[22m
[2mdist/[22m[36massets/utils-VqEoP4Rq.js                                       [39m[1m[2m  0.10 kB[22m[1m[22m[2m Γöé gzip:  0.11 kB[22m
[2mdist/[22m[36massets/petEvents-DGZh0Wyu.js                                   [39m[1m[2m  0.21 kB[22m[1m[22m[2m Γöé gzip:  0.18 kB[22m
[2mdist/[22m[36massets/goalLinkStore-Cd6anZA5.js                               [39m[1m[2m  0.23 kB[22m[1m[22m[2m Γöé gzip:  0.18 kB[22m
[2mdist/[22m[36massets/core-flow-guard-CidaU0AB.js                             [39m[1m[2m  0.27 kB[22m[1m[22m[2m Γöé gzip:  0.18 kB[22m
[2mdist/[22m[36massets/narratives-DSLE-2iT.js                                  [39m[1m[2m  0.33 kB[22m[1m[22m[2m Γöé gzip:  0.28 kB[22m
[2mdist/[22m[36massets/MotionFadeIn-BXz28JI1.js                                [39m[1m[2m  0.41 kB[22m[1m[22m[2m Γöé gzip:  0.29 kB[22m
[2mdist/[22m[36massets/useDirtyFormGuard-DOIrDweo.js                           [39m[1m[2m  0.41 kB[22m[1m[22m[2m Γöé gzip:  0.25 kB[22m
[2mdist/[22m[36massets/csvExport-9odH-KPq.js                                   [39m[1m[2m  0.41 kB[22m[1m[22m[2m Γöé gzip:  0.29 kB[22m
[2mdist/[22m[36massets/MotionPageTransition-DRSK2rSw.js                        [39m[1m[2m  0.42 kB[22m[1m[22m[2m Γöé gzip:  0.29 kB[22m
[2mdist/[22m[36massets/orderService-CeE0P9rB.js                                [39m[1m[2m  0.43 kB[22m[1m[22m[2m Γöé gzip:  0.22 kB[22m
[2mdist/[22m[36massets/collapsible-BXfosVpY.js                                 [39m[1m[2m  0.43 kB[22m[1m[22m[2m Γöé gzip:  0.25 kB[22m
[2mdist/[22m[36massets/PageShell-BcA7LlcR.js                                   [39m[1m[2m  0.43 kB[22m[1m[22m[2m Γöé gzip:  0.30 kB[22m
[2mdist/[22m[36massets/usePlanEntitlements-DRn84UfA.js                         [39m[1m[2m  0.44 kB[22m[1m[22m[2m Γöé gzip:  0.30 kB[22m
[2mdist/[22m[36massets/use-reduced-motion-B-BYqZzb.js                          [39m[1m[2m  0.44 kB[22m[1m[22m[2m Γöé gzip:  0.27 kB[22m
[2mdist/[22m[36massets/label-Bl8SBQ6Z.js                                       [39m[1m[2m  0.50 kB[22m[1m[22m[2m Γöé gzip:  0.33 kB[22m
[2mdist/[22m[36massets/sentry-client-hYa5gqPi.js                               [39m[1m[2m  0.50 kB[22m[1m[22m[2m Γöé gzip:  0.33 kB[22m
[2mdist/[22m[36massets/executionScore-D3z3sd77.js                              [39m[1m[2m  0.52 kB[22m[1m[22m[2m Γöé gzip:  0.31 kB[22m
[2mdist/[22m[36massets/AdminSearchContext-B9LNQJvv.js                          [39m[1m[2m  0.54 kB[22m[1m[22m[2m Γöé gzip:  0.37 kB[22m
[2mdist/[22m[36massets/executionFeedback-99-L2JZa.js                           [39m[1m[2m  0.56 kB[22m[1m[22m[2m Γöé gzip:  0.37 kB[22m
[2mdist/[22m[36massets/utils-C_QKN1Qc.js                                       [39m[1m[2m  0.58 kB[22m[1m[22m[2m Γöé gzip:  0.38 kB[22m
[2mdist/[22m[36massets/taskConstraints-CjpNm8H5.js                             [39m[1m[2m  0.62 kB[22m[1m[22m[2m Γöé gzip:  0.37 kB[22m
[2mdist/[22m[36massets/pricing-DKKAWStR.js                                     [39m[1m[2m  0.64 kB[22m[1m[22m[2m Γöé gzip:  0.35 kB[22m
[2mdist/[22m[36massets/analytics-D1ag0HrQ.js                                   [39m[1m[2m  0.64 kB[22m[1m[22m[2m Γöé gzip:  0.41 kB[22m
[2mdist/[22m[36massets/billing-expiry-BltsthGW.js                              [39m[1m[2m  0.64 kB[22m[1m[22m[2m Γöé gzip:  0.36 kB[22m
[2mdist/[22m[36massets/AdminPendingCountsContext-3bm4qCD9.js                   [39m[1m[2m  0.74 kB[22m[1m[22m[2m Γöé gzip:  0.40 kB[22m
[2mdist/[22m[36massets/AdminPageHeader-CRZGHQN1.js                             [39m[1m[2m  0.81 kB[22m[1m[22m[2m Γöé gzip:  0.45 kB[22m
[2mdist/[22m[36massets/AssistantPageContextProvider-U6CHlLxE.js                [39m[1m[2m  0.81 kB[22m[1m[22m[2m Γöé gzip:  0.43 kB[22m
[2mdist/[22m[36massets/AdminEmptyState-BGPv1SDQ.js                             [39m[1m[2m  0.86 kB[22m[1m[22m[2m Γöé gzip:  0.47 kB[22m
[2mdist/[22m[36massets/tokens-DQLpn563.js                                      [39m[1m[2m  0.88 kB[22m[1m[22m[2m Γöé gzip:  0.39 kB[22m
[2mdist/[22m[36massets/feature-entitlements-BDjid5gR.js                        [39m[1m[2m  0.89 kB[22m[1m[22m[2m Γöé gzip:  0.50 kB[22m
[2mdist/[22m[36massets/statusMappings-D5BouDHi.js                              [39m[1m[2m  0.90 kB[22m[1m[22m[2m Γöé gzip:  0.38 kB[22m
[2mdist/[22m[36massets/textarea-Bm_a7iGW.js                                    [39m[1m[2m  0.91 kB[22m[1m[22m[2m Γöé gzip:  0.51 kB[22m
[2mdist/[22m[36massets/usePetPreferences-Aeceh50X.js                           [39m[1m[2m  0.93 kB[22m[1m[22m[2m Γöé gzip:  0.48 kB[22m
[2mdist/[22m[36massets/billing-ui-monitoring-DIlilI8G.js                       [39m[1m[2m  0.98 kB[22m[1m[22m[2m Γöé gzip:  0.61 kB[22m
[2mdist/[22m[36massets/useSyncedUserData-CCze9UoJ.js                           [39m[1m[2m  0.98 kB[22m[1m[22m[2m Γöé gzip:  0.47 kB[22m
[2mdist/[22m[36massets/skeleton-fbUs44cE.js                                    [39m[1m[2m  1.01 kB[22m[1m[22m[2m Γöé gzip:  0.42 kB[22m
[2mdist/[22m[36massets/switch-CigekBC4.js                                      [39m[1m[2m  1.02 kB[22m[1m[22m[2m Γöé gzip:  0.53 kB[22m
[2mdist/[22m[36massets/useScrollToTopOnChange-DemMCNe0.js                      [39m[1m[2m  1.03 kB[22m[1m[22m[2m Γöé gzip:  0.60 kB[22m
[2mdist/[22m[36massets/LifeBalanceHistoryChart-CBRBACVv.js                     [39m[1m[2m  1.12 kB[22m[1m[22m[2m Γöé gzip:  0.56 kB[22m
[2mdist/[22m[36massets/progress-B1eHUUn9.js                                    [39m[1m[2m  1.13 kB[22m[1m[22m[2m Γöé gzip:  0.67 kB[22m
[2mdist/[22m[36massets/input-KF1tgTDd.js                                       [39m[1m[2m  1.13 kB[22m[1m[22m[2m Γöé gzip:  0.59 kB[22m
[2mdist/[22m[36massets/popover-Cn7brSLz.js                                     [39m[1m[2m  1.18 kB[22m[1m[22m[2m Γöé gzip:  0.55 kB[22m
[2mdist/[22m[36massets/sound-C2zwT4DG.js                                       [39m[1m[2m  1.19 kB[22m[1m[22m[2m Γöé gzip:  0.49 kB[22m
[2mdist/[22m[36massets/backend-link-storage-jNVNXbxM.js                        [39m[1m[2m  1.19 kB[22m[1m[22m[2m Γöé gzip:  0.58 kB[22m
[2mdist/[22m[36massets/useCouponValidation-BiWUfwXm.js                         [39m[1m[2m  1.20 kB[22m[1m[22m[2m Γöé gzip:  0.65 kB[22m
[2mdist/[22m[36massets/TabErrorBoundary-CJ8SwyGq.js                            [39m[1m[2m  1.21 kB[22m[1m[22m[2m Γöé gzip:  0.73 kB[22m
[2mdist/[22m[36massets/formStyles-Bx5LrDff.js                                  [39m[1m[2m  1.27 kB[22m[1m[22m[2m Γöé gzip:  0.47 kB[22m
[2mdist/[22m[36massets/AutoSaveIndicator-BG-u8tzY.js                           [39m[1m[2m  1.27 kB[22m[1m[22m[2m Γöé gzip:  0.78 kB[22m
[2mdist/[22m[36massets/outboxSync-Uq2KpD6r.js                                  [39m[1m[2m  1.32 kB[22m[1m[22m[2m Γöé gzip:  0.73 kB[22m
[2mdist/[22m[36massets/tabs-DEkvM1X1.js                                        [39m[1m[2m  1.34 kB[22m[1m[22m[2m Γöé gzip:  0.61 kB[22m
[2mdist/[22m[36massets/ProtectedRoute-Bq_P9m9R.js                              [39m[1m[2m  1.38 kB[22m[1m[22m[2m Γöé gzip:  0.76 kB[22m
[2mdist/[22m[36massets/count-up-C3y4ogkP.js                                    [39m[1m[2m  1.40 kB[22m[1m[22m[2m Γöé gzip:  0.80 kB[22m
[2mdist/[22m[36massets/soundService-h_Y1IQq8.js                                [39m[1m[2m  1.44 kB[22m[1m[22m[2m Γöé gzip:  0.60 kB[22m
[2mdist/[22m[36massets/sonner-z91wwZFk.js                                      [39m[1m[2m  1.51 kB[22m[1m[22m[2m Γöé gzip:  0.70 kB[22m
[2mdist/[22m[36massets/celebrate-Dl8ee6h7.js                                   [39m[1m[2m  1.52 kB[22m[1m[22m[2m Γöé gzip:  0.72 kB[22m
[2mdist/[22m[36massets/entitlementSync-CaVFLwKd.js                             [39m[1m[2m  1.52 kB[22m[1m[22m[2m Γöé gzip:  0.63 kB[22m
[2mdist/[22m[36massets/useTheme-trCfGx_Z.js                                    [39m[1m[2m  1.53 kB[22m[1m[22m[2m Γöé gzip:  0.74 kB[22m
[2mdist/[22m[36massets/table-Df3QpX4C.js                                       [39m[1m[2m  1.53 kB[22m[1m[22m[2m Γöé gzip:  0.62 kB[22m
[2mdist/[22m[36massets/EmptyState-D2LqKM5p.js                                  [39m[1m[2m  1.54 kB[22m[1m[22m[2m Γöé gzip:  0.70 kB[22m
[2mdist/[22m[36massets/ImageWithFallback-5CKsNBP6.js                           [39m[1m[2m  1.55 kB[22m[1m[22m[2m Γöé gzip:  0.92 kB[22m
[2mdist/[22m[36massets/checkbox-8lswhd3b.js                                    [39m[1m[2m  1.57 kB[22m[1m[22m[2m Γöé gzip:  0.73 kB[22m
[2mdist/[22m[36massets/experience-DOgs9Sey.js                                  [39m[1m[2m  1.66 kB[22m[1m[22m[2m Γöé gzip:  0.86 kB[22m
[2mdist/[22m[36massets/PageHero-Cd6FHxNS.js                                    [39m[1m[2m  1.75 kB[22m[1m[22m[2m Γöé gzip:  0.88 kB[22m
[2mdist/[22m[36massets/AdminStatusBadge-R04d786O.js                            [39m[1m[2m  1.83 kB[22m[1m[22m[2m Γöé gzip:  0.59 kB[22m
[2mdist/[22m[36massets/badge-DGaMQikn.js                                       [39m[1m[2m  1.89 kB[22m[1m[22m[2m Γöé gzip:  0.69 kB[22m
[2mdist/[22m[36massets/VisionMapIllustration-BbmssXjQ.js                       [39m[1m[2m  1.96 kB[22m[1m[22m[2m Γöé gzip:  0.87 kB[22m
[2mdist/[22m[36massets/CoreFlowGateState-B4gf35sA.js                           [39m[1m[2m  2.03 kB[22m[1m[22m[2m Γöé gzip:  0.86 kB[22m
[2mdist/[22m[36massets/MiniStatusIcons-CiruCM_n.js                             [39m[1m[2m  2.04 kB[22m[1m[22m[2m Γöé gzip:  0.64 kB[22m
[2mdist/[22m[36massets/PlanOverview-CrVAeCQv.js                                [39m[1m[2m  2.05 kB[22m[1m[22m[2m Γöé gzip:  0.99 kB[22m
[2mdist/[22m[36massets/alert-dialog-CY9QNtUu.js                                [39m[1m[2m  2.34 kB[22m[1m[22m[2m Γöé gzip:  0.85 kB[22m
[2mdist/[22m[36massets/user-intent-CKYUldTk.js                                 [39m[1m[2m  2.44 kB[22m[1m[22m[2m Γöé gzip:  1.19 kB[22m
[2mdist/[22m[36massets/included-DEI43Jt9.js                                    [39m[1m[2m  2.50 kB[22m[1m[22m[2m Γöé gzip:  1.14 kB[22m
[2mdist/[22m[36massets/monetization-analytics-XQoavlbY.js                      [39m[1m[2m  2.58 kB[22m[1m[22m[2m Γöé gzip:  0.63 kB[22m
[2mdist/[22m[36massets/sheet-Bqwo0o0W.js                                       [39m[1m[2m  2.69 kB[22m[1m[22m[2m Γöé gzip:  0.97 kB[22m
[2mdist/[22m[36massets/planSnapshotMutation-CiDUY_6v.js                        [39m[1m[2m  2.74 kB[22m[1m[22m[2m Γöé gzip:  1.19 kB[22m
[2mdist/[22m[36massets/card-BeJE5UTe.js                                        [39m[1m[2m  2.83 kB[22m[1m[22m[2m Γöé gzip:  1.16 kB[22m
[2mdist/[22m[36massets/adminService-jKUgW2pY.js                                [39m[1m[2m  2.96 kB[22m[1m[22m[2m Γöé gzip:  0.78 kB[22m
[2mdist/[22m[36massets/dialog-hfdt3Di0.js                                      [39m[1m[2m  3.03 kB[22m[1m[22m[2m Γöé gzip:  1.15 kB[22m
[2mdist/[22m[36massets/button-BMQ3oJi8.js                                      [39m[1m[2m  3.06 kB[22m[1m[22m[2m Γöé gzip:  1.19 kB[22m
[2mdist/[22m[36massets/CalmEmptyIllustrations-B8WrxG_o.js                      [39m[1m[2m  3.08 kB[22m[1m[22m[2m Γöé gzip:  0.84 kB[22m
[2mdist/[22m[36massets/planLinkStore-Cu6I-786.js                               [39m[1m[2m  3.20 kB[22m[1m[22m[2m Γöé gzip:  0.78 kB[22m
[2mdist/[22m[36massets/BillingFAQPage-J-fcPAkc.js                              [39m[1m[2m  3.28 kB[22m[1m[22m[2m Γöé gzip:  1.45 kB[22m
[2mdist/[22m[36massets/TwelveWeekTrendCard-B36UlD9d.js                         [39m[1m[2m  3.41 kB[22m[1m[22m[2m Γöé gzip:  1.57 kB[22m
[2mdist/[22m[36massets/MotivationalReminder-DFnPK8uo.js                        [39m[1m[2m  3.58 kB[22m[1m[22m[2m Γöé gzip:  1.46 kB[22m
[2mdist/[22m[36massets/firebase-CtD2QCrj.js                                    [39m[1m[2m  3.72 kB[22m[1m[22m[2m Γöé gzip:  1.53 kB[22m
[2mdist/[22m[36massets/billingCore-B347zq0A.js                                 [39m[1m[2m  4.12 kB[22m[1m[22m[2m Γöé gzip:  1.77 kB[22m
[2mdist/[22m[36massets/AppPublicFooter-5dnIS824.js                             [39m[1m[2m  4.22 kB[22m[1m[22m[2m Γöé gzip:  1.58 kB[22m
[2mdist/[22m[36massets/AdminSettingsPage-C_e-LiV5.js                           [39m[1m[2m  4.24 kB[22m[1m[22m[2m Γöé gzip:  1.69 kB[22m
[2mdist/[22m[36massets/BillingTrustSignals-BXhj7FLi.js                         [39m[1m[2m  4.29 kB[22m[1m[22m[2m Γöé gzip:  1.67 kB[22m
[2mdist/[22m[36massets/CommandPalette-CO9vFoTy.js                              [39m[1m[2m  4.50 kB[22m[1m[22m[2m Γöé gzip:  1.95 kB[22m
[2mdist/[22m[36massets/CoreFlowProgress-DfC4RQFZ.js                            [39m[1m[2m  4.63 kB[22m[1m[22m[2m Γöé gzip:  2.06 kB[22m
[2mdist/[22m[36massets/select-CS5SVs2b.js                                      [39m[1m[2m  4.77 kB[22m[1m[22m[2m Γöé gzip:  1.65 kB[22m
[2mdist/[22m[36massets/MamCompanion-UrtffJfx.js                                [39m[1m[2m  4.92 kB[22m[1m[22m[2m Γöé gzip:  2.12 kB[22m
[2mdist/[22m[36massets/dropdown-menu-DWa0kIbo.js                               [39m[1m[2m  5.18 kB[22m[1m[22m[2m Γöé gzip:  1.42 kB[22m
[2mdist/[22m[36massets/AdminEmailHistoryPage-Cw7peZYG.js                       [39m[1m[2m  5.27 kB[22m[1m[22m[2m Γöé gzip:  1.94 kB[22m
[2mdist/[22m[36massets/use-mobile-NEEFHLjs.js                                  [39m[1m[2m  5.39 kB[22m[1m[22m[2m Γöé gzip:  2.17 kB[22m
[2mdist/[22m[36massets/ScreenGuide-ZD_giKL7.js                                 [39m[1m[2m  5.62 kB[22m[1m[22m[2m Γöé gzip:  2.25 kB[22m
[2mdist/[22m[36massets/AdminAuditLogsPage-BC_S5mwm.js                          [39m[1m[2m  6.16 kB[22m[1m[22m[2m Γöé gzip:  2.14 kB[22m
[2mdist/[22m[36massets/TermsPage-D96QmPbc.js                                   [39m[1m[2m  6.61 kB[22m[1m[22m[2m Γöé gzip:  2.07 kB[22m
[2mdist/[22m[36massets/PrivacyPage-UNw_lTOt.js                                 [39m[1m[2m  6.63 kB[22m[1m[22m[2m Γöé gzip:  1.93 kB[22m
[2mdist/[22m[36massets/AdminSubscriptionsPage-BRP4Rhq3.js                      [39m[1m[2m  6.73 kB[22m[1m[22m[2m Γöé gzip:  2.31 kB[22m
[2mdist/[22m[36massets/FeedbackDialog-BmjBjBZl.js                              [39m[1m[2m  6.95 kB[22m[1m[22m[2m Γöé gzip:  2.96 kB[22m
[2mdist/[22m[36massets/AdminCatalogPage-Coy3Dj7b.js                            [39m[1m[2m  6.95 kB[22m[1m[22m[2m Γöé gzip:  2.80 kB[22m
[2mdist/[22m[36massets/mindful-player-BcoOcJ_Z.js                              [39m[1m[2m  7.01 kB[22m[1m[22m[2m Γöé gzip:  2.65 kB[22m
[2mdist/[22m[36massets/AdminRefundsPage-BD2h_LFy.js                            [39m[1m[2m  7.08 kB[22m[1m[22m[2m Γöé gzip:  2.50 kB[22m
[2mdist/[22m[36massets/smart-goal-starters-0KVht49r.js                         [39m[1m[2m  7.14 kB[22m[1m[22m[2m Γöé gzip:  2.32 kB[22m
[2mdist/[22m[36massets/RefundPolicyPage-VIt4Jo46.js                            [39m[1m[2m  7.51 kB[22m[1m[22m[2m Γöé gzip:  2.36 kB[22m
[2mdist/[22m[36massets/usePageTour-BCgv7zfG.js                                 [39m[1m[2m  7.73 kB[22m[1m[22m[2m Γöé gzip:  3.14 kB[22m
[2mdist/[22m[36massets/AdminUsersPage-Dr0Nca5i.js                              [39m[1m[2m  7.87 kB[22m[1m[22m[2m Γöé gzip:  2.64 kB[22m
[2mdist/[22m[36massets/AspirationalVision-BbfP1N2r.js                          [39m[1m[2m  8.03 kB[22m[1m[22m[2m Γöé gzip:  3.15 kB[22m
[2mdist/[22m[36massets/screen-guides-3gasTeqr.js                               [39m[1m[2m  8.38 kB[22m[1m[22m[2m Γöé gzip:  3.11 kB[22m
[2mdist/[22m[36massets/AdminPaymentsPage-Df8GHSle.js                           [39m[1m[2m  9.15 kB[22m[1m[22m[2m Γöé gzip:  3.40 kB[22m
[2mdist/[22m[36massets/SpotlightTour-Dhh9xDn-.js                               [39m[1m[2m  9.37 kB[22m[1m[22m[2m Γöé gzip:  3.31 kB[22m
[2mdist/[22m[36massets/SimpleRadarChart-4Ur5ixjz.js                            [39m[1m[2m  9.59 kB[22m[1m[22m[2m Γöé gzip:  3.26 kB[22m
[2mdist/[22m[36massets/AdminLayout-CeTBtVoC.js                                 [39m[1m[2m 10.31 kB[22m[1m[22m[2m Γöé gzip:  3.60 kB[22m
[2mdist/[22m[36massets/LocalDataMigrationPrompt-CarWCBBp.js                    [39m[1m[2m 10.63 kB[22m[1m[22m[2m Γöé gzip:  3.33 kB[22m
[2mdist/[22m[36massets/effects-oQXWb4Lk.js                                     [39m[1m[2m 10.67 kB[22m[1m[22m[2m Γöé gzip:  4.28 kB[22m
[2mdist/[22m[36massets/NewUserGuide-sT3EMX5P.js                                [39m[1m[2m 10.83 kB[22m[1m[22m[2m Γöé gzip:  3.20 kB[22m
[2mdist/[22m[36massets/useReducedMotion-BMdkVgys.js                            [39m[1m[2m 11.18 kB[22m[1m[22m[2m Γöé gzip:  4.60 kB[22m
[2mdist/[22m[36massets/HelpCenterPage-Ck0nc4c7.js                              [39m[1m[2m 11.22 kB[22m[1m[22m[2m Γöé gzip:  3.65 kB[22m
[2mdist/[22m[36massets/goalArchetypes-C2dlQRlo.js                              [39m[1m[2m 11.81 kB[22m[1m[22m[2m Γöé gzip:  4.41 kB[22m
[2mdist/[22m[36massets/AdminOrderDetailPage-CxsyfkjN.js                        [39m[1m[2m 11.97 kB[22m[1m[22m[2m Γöé gzip:  2.96 kB[22m
[2mdist/[22m[36massets/AdminUserDetailPage-9ybcEeD4.js                         [39m[1m[2m 12.14 kB[22m[1m[22m[2m Γöé gzip:  3.44 kB[22m
[2mdist/[22m[36massets/BillingConfirm-C2eqKCln.js                              [39m[1m[2m 13.14 kB[22m[1m[22m[2m Γöé gzip:  4.52 kB[22m
[2mdist/[22m[36massets/billingProvider-DZfcoQMk.js                             [39m[1m[2m 13.73 kB[22m[1m[22m[2m Γöé gzip:  3.58 kB[22m
[2mdist/[22m[36massets/AdminDashboardPage-CHNgwd8e.js                          [39m[1m[2m 13.84 kB[22m[1m[22m[2m Γöé gzip:  3.99 kB[22m
[2mdist/[22m[36massets/PublicVisitorDeferredSections-6s6-pH5i.js               [39m[1m[2m 15.95 kB[22m[1m[22m[2m Γöé gzip:  5.23 kB[22m
[2mdist/[22m[36massets/AdminDiscountsPage-CHkConN6.js                          [39m[1m[2m 16.07 kB[22m[1m[22m[2m Γöé gzip:  4.91 kB[22m
[2mdist/[22m[36massets/assistantMemory-D2Xk_HxI.js                             [39m[1m[2m 16.62 kB[22m[1m[22m[2m Γöé gzip:  4.91 kB[22m
[2mdist/[22m[36massets/BillingCheckoutQR-DoYmSxzt.js                           [39m[1m[2m 17.01 kB[22m[1m[22m[2m Γöé gzip:  5.25 kB[22m
[2mdist/[22m[36massets/UpgradePaywallDialog-CtA1MBN-.js                        [39m[1m[2m 17.15 kB[22m[1m[22m[2m Γöé gzip:  5.15 kB[22m
[2mdist/[22m[36massets/Achievements-B15sVor4.js                                [39m[1m[2m 18.24 kB[22m[1m[22m[2m Γöé gzip:  6.08 kB[22m
[2mdist/[22m[36massets/AdminOrdersPage-CP6_jXul.js                             [39m[1m[2m 18.42 kB[22m[1m[22m[2m Γöé gzip:  5.76 kB[22m
[2mdist/[22m[36massets/tooltip-B5WOL_vW.js                                     [39m[1m[2m 19.45 kB[22m[1m[22m[2m Γöé gzip:  7.17 kB[22m
[2mdist/[22m[36massets/LoginPage-fBZU-ijp.js                                   [39m[1m[2m 20.29 kB[22m[1m[22m[2m Γöé gzip:  6.21 kB[22m
[2mdist/[22m[36massets/DashboardEntry-CAOqaB4C.js                              [39m[1m[2m 21.59 kB[22m[1m[22m[2m Γöé gzip:  7.38 kB[22m
[2mdist/[22m[36massets/SettingsPage-BVQuwIjY.js                                [39m[1m[2m 28.95 kB[22m[1m[22m[2m Γöé gzip:  7.67 kB[22m
[2mdist/[22m[36massets/ReflectionJournal-DL9wbviR.js                           [39m[1m[2m 30.50 kB[22m[1m[22m[2m Γöé gzip:  9.79 kB[22m
[2mdist/[22m[36massets/LifeInsight-DHpTNMZZ.js                                 [39m[1m[2m 33.46 kB[22m[1m[22m[2m Γöé gzip:  9.23 kB[22m
[2mdist/[22m[36massets/feedback-vwC7PK9B.js                                    [39m[1m[2m 33.74 kB[22m[1m[22m[2m Γöé gzip:  9.52 kB[22m
[2mdist/[22m[36massets/GoalTracker-CNYLMqku.js                                 [39m[1m[2m 34.70 kB[22m[1m[22m[2m Γöé gzip: 10.40 kB[22m
[2mdist/[22m[36massets/VisionBoardGallery-AONTMy4r.js                          [39m[1m[2m 36.76 kB[22m[1m[22m[2m Γöé gzip:  8.95 kB[22m
[2mdist/[22m[36massets/exporting-2fHXkuFN.js                                   [39m[1m[2m 37.30 kB[22m[1m[22m[2m Γöé gzip: 14.42 kB[22m
[2mdist/[22m[36massets/OrderStatusPage-DmXaBQ67.js                             [39m[1m[2m 38.48 kB[22m[1m[22m[2m Γöé gzip:  9.85 kB[22m
[2mdist/[22m[36massets/LifeBalance-ClUQpQS6.js                                 [39m[1m[2m 39.30 kB[22m[1m[22m[2m Γöé gzip: 11.11 kB[22m
[2mdist/[22m[36massets/Onboarding-CYVybliu.js                                  [39m[1m[2m 48.02 kB[22m[1m[22m[2m Γöé gzip: 12.82 kB[22m
[2mdist/[22m[36massets/OrderPage-D2Ct4NW7.js                                   [39m[1m[2m 48.86 kB[22m[1m[22m[2m Γöé gzip: 13.38 kB[22m
[2mdist/[22m[36massets/BillingPlan-By-3cDF-.js                                 [39m[1m[2m 49.17 kB[22m[1m[22m[2m Γöé gzip: 12.76 kB[22m
[2mdist/[22m[36massets/helpers-C734H6Yv.js                                     [39m[1m[2m 50.40 kB[22m[1m[22m[2m Γöé gzip: 15.32 kB[22m
[2mdist/[22m[36massets/FeasibilityCheck-CW33oJYs.js                            [39m[1m[2m 55.76 kB[22m[1m[22m[2m Γöé gzip: 14.32 kB[22m
[2mdist/[22m[36massets/WeeklyReview-Cq8ElE6p.js                                [39m[1m[2m 63.88 kB[22m[1m[22m[2m Γöé gzip: 16.35 kB[22m
[2mdist/[22m[36massets/AutoCloudSyncProvider-BPz3LX5Y.js                       [39m[1m[2m 75.79 kB[22m[1m[22m[2m Γöé gzip: 21.34 kB[22m
[2mdist/[22m[36massets/AppShellLayout-CGDmTxIz.js                              [39m[1m[2m 78.10 kB[22m[1m[22m[2m Γöé gzip: 21.19 kB[22m
[2mdist/[22m[36massets/icons-DT4BItbR.js                                       [39m[1m[2m 81.29 kB[22m[1m[22m[2m Γöé gzip: 16.20 kB[22m
[2mdist/[22m[36massets/WeekEditor-klc6X116.js                                  [39m[1m[2m 87.28 kB[22m[1m[22m[2m Γöé gzip: 19.40 kB[22m
[2mdist/[22m[36massets/VisionBoardEditor-CFmFluBs.js                           [39m[1m[2m 87.99 kB[22m[1m[22m[2m Γöé gzip: 24.87 kB[22m
[2mdist/[22m[36massets/router-DQwQ65aE.js                                      [39m[1m[2m 92.82 kB[22m[1m[22m[2m Γöé gzip: 31.39 kB[22m
[2mdist/[22m[36massets/radix-CusEagJ4.js                                       [39m[1m[2m 99.51 kB[22m[1m[22m[2m Γöé gzip: 29.11 kB[22m
[2mdist/[22m[36massets/Dashboard-qt5aHfpB.js                                   [39m[1m[2m102.14 kB[22m[1m[22m[2m Γöé gzip: 29.10 kB[22m
[2mdist/[22m[36massets/index-CE-IP3sM.js                                       [39m[1m[2m131.42 kB[22m[1m[22m[2m Γöé gzip: 41.75 kB[22m
[2mdist/[22m[36massets/motion-DfelibhX.js                                      [39m[1m[2m136.01 kB[22m[1m[22m[2m Γöé gzip: 44.94 kB[22m
[2mdist/[22m[36massets/monitoring-FRcx41it.js                                  [39m[1m[2m141.92 kB[22m[1m[22m[2m Γöé gzip: 48.08 kB[22m
[2mdist/[22m[36massets/12WeekSetupLab-Di6tDcPg.js                              [39m[1m[2m144.99 kB[22m[1m[22m[2m Γöé gzip: 37.84 kB[22m
[2mdist/[22m[36massets/SMARTGoalSetup-VUEex05F.js                              [39m[1m[2m156.46 kB[22m[1m[22m[2m Γöé gzip: 40.95 kB[22m
[2mdist/[22m[36massets/firebase-Cav-jUpU.js                                    [39m[1m[2m163.16 kB[22m[1m[22m[2m Γöé gzip: 32.85 kB[22m
[2mdist/[22m[36massets/AIAssistant-XM0Vg1iF.js                                 [39m[1m[2m200.14 kB[22m[1m[22m[2m Γöé gzip: 58.30 kB[22m
[2mdist/[22m[36massets/12WeekSystem-BwRFAgR7.js                                [39m[1m[2m277.03 kB[22m[1m[22m[2m Γöé gzip: 75.33 kB[22m
[2mdist/[22m[36massets/vendor-DYiLKpkP.js                                      [39m[1m[2m290.61 kB[22m[1m[22m[2m Γöé gzip: 97.00 kB[22m
[2mdist/[22m[36massets/charts-CA51cdoV.js                                      [39m[1m[2m323.19 kB[22m[1m[22m[2m Γöé gzip: 82.20 kB[22m
[32mΓ£ô built in 16.03s[39m
